Stacktrace:

  at <unknown> <0xffffffff>
  at (wrapper managed-to-native) SwinGameSDK.sgLibrary.DLL_sg_Audio_FreeSoundEffect (intptr&) <0x00012>
  at SwinGameSDK.sgLibrary.sg_Audio_FreeSoundEffect (intptr&) [0x00003] in /Users/acain/working/SwinGame/Generated/CSharp/Code/SGSDK.cs:1719
  at SwinGameSDK.Audio.FreeSoundEffect (SwinGameSDK.SoundEffect) [0x00018] in /Users/acain/working/SwinGame/Generated/CSharp/Code/Audio.cs:118
  at GameResources.FreeSounds () [0x00021] in <07c13084a73f47f5a6f89fbca7511fc5>:0
  at GameResources.FreeResources () [0x00010] in <07c13084a73f47f5a6f89fbca7511fc5>:0
  at GameLogic.Main () [0x00051] in <07c13084a73f47f5a6f89fbca7511fc5>:0
  at (wrapper runtime-invoke) <Module>.runtime_invoke_int (object,intptr,intptr,intptr) [0x00053] in <07c13084a73f47f5a6f89fbca7511fc5>:0

Native stacktrace:


Debug info from gdb:

(lldb) command source -s 0 '/tmp/mono-gdb-commands.VHckn3'
Executing commands in '/tmp/mono-gdb-commands.VHckn3'.
(lldb) process attach --pid 1032
Process 1032 stopped
* thread #1, name = 'tid_303', queue = 'com.apple.main-thread', stop reason = signal SIGSTOP
    frame #0: 0xa73c46aa libsystem_kernel.dylib`__wait4 + 10
libsystem_kernel.dylib`__wait4:
->  0xa73c46aa <+10>: jae    0xa73c46ba                ; <+26>
    0xa73c46ac <+12>: calll  0xa73c46b1                ; <+17>
    0xa73c46b1 <+17>: popl   %edx
    0xa73c46b2 <+18>: movl   0x246697b(%edx), %edx
Target 0: (MyGameMac) stopped.

Executable module set to "/Users/meetchaudhary/Desktop/SWE30001/Battleships/GameTemplate/bin/Debug-Mac/MyGameMac.app/Contents/MacOS/MyGameMac".
Architecture set to: i386-apple-macosx.
(lldb) thread list
Process 1032 stopped
* thread #1: tid = 0xbe65, 0xa73c46aa libsystem_kernel.dylib`__wait4 + 10, name = 'tid_303', queue = 'com.apple.main-thread', stop reason = signal SIGSTOP
  thread #2: tid = 0xbe66, 0xa73c3d52 libsystem_kernel.dylib`__psynch_cvwait + 10, name = 'SGen worker'
  thread #3: tid = 0xbe69, 0xa73c4152 libsystem_kernel.dylib`__semwait_signal + 10, name = 'Finalizer'
  thread #4: tid = 0xbe6a, 0xa73c4152 libsystem_kernel.dylib`__semwait_signal + 10, name = 'Debugger agent'
  thread #5: tid = 0xbe82, 0xa73c3d52 libsystem_kernel.dylib`__psynch_cvwait + 10, name = 'SDLTimer'
  thread #6: tid = 0xbeb6, 0xa73ba422 libsystem_kernel.dylib`mach_msg_trap + 10, name = 'com.apple.audio.IOThread.client'
  thread #7: tid = 0xbf5d, 0xa73c471a libsystem_kernel.dylib`__workq_kernreturn + 10
(lldb) thread backtrace all
* thread #1, name = 'tid_303', queue = 'com.apple.main-thread', stop reason = signal SIGSTOP
  * frame #0: 0xa73c46aa libsystem_kernel.dylib`__wait4 + 10
    frame #1: 0xa732fce2 libsystem_c.dylib`waitpid$UNIX2003 + 32
    frame #2: 0x020c2733 libmono-2.0.dylib`mono_handle_native_crash(signal=<unavailable>, ctx=<unavailable>, info=0x001bcfa0) at mini-exceptions.c:3029 [opt]
    frame #3: 0x021229e2 libmono-2.0.dylib`mono_arch_handle_altstack_exception(sigctx=<unavailable>, siginfo=<unavailable>, fault_addr=<unavailable>, stack_ovf=<unavailable>) at exceptions-x86.c:1111 [opt]
    frame #4: 0x0200fb92 libmono-2.0.dylib`mono_sigsegv_signal_handler(_dummy=11, _info=0x001bcfa0, context=0x001bcfe0) at mini-runtime.c:3156 [opt]
  thread #2, name = 'SGen worker'
    frame #0: 0xa73c3d52 libsystem_kernel.dylib`__psynch_cvwait + 10
    frame #1: 0xa757a43c libsystem_pthread.dylib`_pthread_cond_wait + 658
    frame #2: 0xa757c08c libsystem_pthread.dylib`pthread_cond_wait$UNIX2003 + 51
    frame #3: 0x022b71f1 libmono-2.0.dylib`thread_func [inlined] mono_os_cond_wait(mutex=0x023ab0ac) at mono-os-mutex.h:173 [opt]
    frame #4: 0x022b71dc libmono-2.0.dylib`thread_func at sgen-thread-pool.c:165 [opt]
    frame #5: 0x022b71cc libmono-2.0.dylib`thread_func(data=<unavailable>) at sgen-thread-pool.c:196 [opt]
    frame #6: 0xa75794d5 libsystem_pthread.dylib`_pthread_body + 347
    frame #7: 0xa757937a libsystem_pthread.dylib`_pthread_start + 357
    frame #8: 0xa7578a56 libsystem_pthread.dylib`thread_start + 34
  thread #3, name = 'Finalizer'
    frame #0: 0xa73c4152 libsystem_kernel.dylib`__semwait_signal + 10
    frame #1: 0xa732fdb7 libsystem_c.dylib`nanosleep$UNIX2003 + 189
    frame #2: 0xa732fc11 libsystem_c.dylib`sleep$UNIX2003 + 41
    frame #3: 0x02213a2a libmono-2.0.dylib`mono_threads_summarize(ctx=<unavailable>, out=<unavailable>, hashes=<unavailable>) at threads.c:5795 [opt]
    frame #4: 0x0212507c libmono-2.0.dylib`sigterm_signal_handler(_dummy=<unavailable>, _info=<unavailable>, context=<unavailable>) at mini-posix.c:231 [opt]
    frame #5: 0xa757102b libsystem_platform.dylib`_sigtramp + 43
    frame #6: 0xa73ba45f libsystem_kernel.dylib`semaphore_wait_trap + 11
    frame #7: 0x022664c4 libmono-2.0.dylib`finalizer_thread [inlined] mono_os_sem_wait(flags=MONO_SEM_FLAGS_ALERTABLE) at mono-os-semaphore.h:90 [opt]
    frame #8: 0x022664b6 libmono-2.0.dylib`finalizer_thread at mono-coop-semaphore.h:43 [opt]
    frame #9: 0x022664a5 libmono-2.0.dylib`finalizer_thread(unused=0x00000000) at gc.c:893 [opt]
    frame #10: 0x02213f2a libmono-2.0.dylib`start_wrapper [inlined] start_wrapper_internal at threads.c:1073 [opt]
    frame #11: 0x02213e84 libmono-2.0.dylib`start_wrapper(data=<unavailable>) at threads.c:1133 [opt]
    frame #12: 0xa75794d5 libsystem_pthread.dylib`_pthread_body + 347
    frame #13: 0xa757937a libsystem_pthread.dylib`_pthread_start + 357
    frame #14: 0xa7578a56 libsystem_pthread.dylib`thread_start + 34
  thread #4, name = 'Debugger agent'
    frame #0: 0xa73c4152 libsystem_kernel.dylib`__semwait_signal + 10
    frame #1: 0xa732fdb7 libsystem_c.dylib`nanosleep$UNIX2003 + 189
    frame #2: 0xa732fc11 libsystem_c.dylib`sleep$UNIX2003 + 41
    frame #3: 0x02213a2a libmono-2.0.dylib`mono_threads_summarize(ctx=<unavailable>, out=<unavailable>, hashes=<unavailable>) at threads.c:5795 [opt]
    frame #4: 0x0212507c libmono-2.0.dylib`sigterm_signal_handler(_dummy=<unavailable>, _info=<unavailable>, context=<unavailable>) at mini-posix.c:231 [opt]
    frame #5: 0xa757102b libsystem_platform.dylib`_sigtramp + 43
    frame #6: 0xa73c3fcb libsystem_kernel.dylib`__recvfrom + 11
    frame #7: 0xa732fec0 libsystem_c.dylib`recv$UNIX2003 + 30
    frame #8: 0x020fc459 libmono-2.0.dylib`socket_transport_recv(buf=<unavailable>, len=11) at debugger-agent.c:1153 [opt]
    frame #9: 0x020e78d4 libmono-2.0.dylib`debugger_thread [inlined] transport_recv(len=11) at debugger-agent.c:1559 [opt]
    frame #10: 0x020e78c2 libmono-2.0.dylib`debugger_thread(arg=0x00000000) at debugger-agent.c:10569 [opt]
    frame #11: 0x02213f2a libmono-2.0.dylib`start_wrapper [inlined] start_wrapper_internal at threads.c:1073 [opt]
    frame #12: 0x02213e84 libmono-2.0.dylib`start_wrapper(data=<unavailable>) at threads.c:1133 [opt]
    frame #13: 0xa75794d5 libsystem_pthread.dylib`_pthread_body + 347
    frame #14: 0xa757937a libsystem_pthread.dylib`_pthread_start + 357
    frame #15: 0xa7578a56 libsystem_pthread.dylib`thread_start + 34
  thread #5, name = 'SDLTimer'
    frame #0: 0xa73c3d52 libsystem_kernel.dylib`__psynch_cvwait + 10
    frame #1: 0xa757a43c libsystem_pthread.dylib`_pthread_cond_wait + 658
    frame #2: 0xa757f50d libsystem_pthread.dylib`pthread_cond_timedwait$UNIX2003 + 52
    frame #3: 0x062d4606 libsgsdk.dylib`___lldb_unnamed_symbol4773$$libsgsdk.dylib + 230
    frame #4: 0x062d4cea libsgsdk.dylib`___lldb_unnamed_symbol4783$$libsgsdk.dylib + 218
    frame #5: 0x062d6472 libsgsdk.dylib`___lldb_unnamed_symbol4809$$libsgsdk.dylib + 562
    frame #6: 0x062d5a7e libsgsdk.dylib`___lldb_unnamed_symbol4800$$libsgsdk.dylib + 110
    frame #7: 0x062d4fc7 libsgsdk.dylib`___lldb_unnamed_symbol4788$$libsgsdk.dylib + 23
    frame #8: 0xa75794d5 libsystem_pthread.dylib`_pthread_body + 347
    frame #9: 0xa757937a libsystem_pthread.dylib`_pthread_start + 357
    frame #10: 0xa7578a56 libsystem_pthread.dylib`thread_start + 34
  thread #6, name = 'com.apple.audio.IOThread.client'
    frame #0: 0xa73ba422 libsystem_kernel.dylib`mach_msg_trap + 10
    frame #1: 0xa73b9a5f libsystem_kernel.dylib`mach_msg + 47
    frame #2: 0x93358ce4 CoreAudio`HALB_MachPort::SendMessageWithReply(unsigned int, unsigned int, unsigned long, unsigned long, mach_msg_header_t*, bool, unsigned int) + 124
    frame #3: 0x93332353 CoreAudio`HALB_MachPort::SendSimpleMessageWithSimpleReply(unsigned int, unsigned int, int, int&, bool, unsigned int) + 49
    frame #4: 0x9332f29c CoreAudio`HALC_ProxyIOContext::IOWorkLoop() + 1600
    frame #5: 0x9332ea02 CoreAudio`HALC_ProxyIOContext::IOThreadEntry(void*) + 236
    frame #6: 0x93362091 CoreAudio`___ZN19HALC_ProxyIOContextC2Emj_block_invoke + 20
    frame #7: 0x9332e8cb CoreAudio`HALB_IOThread::Entry(void*) + 71
    frame #8: 0xa75794d5 libsystem_pthread.dylib`_pthread_body + 347
    frame #9: 0xa757937a libsystem_pthread.dylib`_pthread_start + 357
    frame #10: 0xa7578a56 libsystem_pthread.dylib`thread_start + 34
  thread #7
    frame #0: 0xa73c471a libsystem_kernel.dylib`__workq_kernreturn + 10
    frame #1: 0xa7579059 libsystem_pthread.dylib`_pthread_wqthread + 1536
    frame #2: 0xa7578a32 libsystem_pthread.dylib`start_wqthread + 34
(lldb) detach

=================================================================
Got a SIGSEGV while executing native code. This usually indicates
a fatal error in the mono runtime or one of the native libraries 
used by your application.
=================================================================

(lldb) quit
